"id","name","glasses","age"
"0","Miro cillik","yes",""
"2","Martin Halamicek","yes","22"
"3","Tomas Kacur","yes",""
"6","Petr Simecek","yes",""
"7","Jakub Matejka","yes",""
"11","Ondrej Jodas","yes",""